#
# There is insufficient memory for the Java Runtime Environment to continue.
# Native memory allocation (mmap) failed to map 8388608 bytes. Error detail: G1 virtual space
# Possible reasons:
#   The system is out of physical RAM or swap space
#   This process is running with CompressedOops enabled, and the Java Heap may be blocking the growth of the native heap
# Possible solutions:
#   Reduce memory load on the system
#   Increase physical memory or swap space
#   Check if swap backing store is full
#   Decrease Java heap size (-Xmx/-Xms)
#   Decrease number of Java threads
#   Decrease Java thread stack sizes (-Xss)
#   Set larger code cache with -XX:ReservedCodeCacheSize=
#   JVM is running with Unscaled Compressed Oops mode in which the Java heap is
#     placed in the first 4GB address space. The Java Heap base address is the
#     maximum limit for the native heap growth. Please use -XX:HeapBaseMinAddress
#     to set the Java Heap base and to place the Java Heap above 4GB virtual address.
# This output file may be truncated or incomplete.
#
#  Out of Memory Error (os_windows.cpp:3613), pid=20168, tid=14172
#
# JRE version:  (17.0.11+9) (build )
# Java VM: OpenJDK 64-Bit Server VM (17.0.11+9, mixed mode, sharing, tiered, compressed oops, compressed class ptrs, g1 gc, windows-amd64)
# No core dump will be written. Minidumps are not enabled by default on client versions of Windows
#

---------------  S U M M A R Y ------------

Command Line: -Dapplication.home=C:\Users\Lenovo\AppData\Local\Programs\Eclipse Adoptium\jdk-17.0.11.9-hotspot --add-modules=ALL-DEFAULT -Xms8m -Djdk.module.main=jdk.compiler jdk.compiler/com.sun.tools.javac.Main BasicCalculator.java

Host: AMD Ryzen 5 7520U with Radeon Graphics         , 8 cores, 5G,  Windows 11 , 64 bit Build 22621 (10.0.22621.5415)
Time: Wed Aug 27 11:10:50 2025 India Standard Time elapsed time: 0.219289 seconds (0d 0h 0m 0s)

---------------  T H R E A D  ---------------

Current thread (0x000001ea48beae50):  JavaThread "Unknown thread" [_thread_in_vm, id=14172, stack(0x000000cc77b00000,0x000000cc77c00000)]

Stack: [0x000000cc77b00000,0x000000cc77c00000]
Native frames: (J=compiled Java code, j=interpreted, Vv=VM code, C=native code)
V  [jvm.dll+0x67d429]
V  [jvm.dll+0x834b7a]
V  [jvm.dll+0x83663e]
V  [jvm.dll+0x836ca3]
V  [jvm.dll+0x247dbf]
V  [jvm.dll+0x67a269]
V  [jvm.dll+0x66ecda]
V  [jvm.dll+0x30797b]
V  [jvm.dll+0x30ee26]
V  [jvm.dll+0x35e80e]
V  [jvm.dll+0x35ea3f]
V  [jvm.dll+0x2de6b8]
V  [jvm.dll+0x2df624]
V  [jvm.dll+0x806531]
V  [jvm.dll+0x36c561]
V  [jvm.dll+0x7e4f56]
V  [jvm.dll+0x3efdcf]
V  [jvm.dll+0x3f1921]
C  [jli.dll+0x528f]
C  [ucrtbase.dll+0x29333]
C  [KERNEL32.DLL+0x1259d]
C  [ntdll.dll+0x5af78]


---------------  P R O C E S S  ---------------

Threads class SMR info:
_java_thread_list=0x00007ffea0a7eed8, length=0, elements={
}

Java Threads: ( => current thread )

Other Threads:
  0x000001ea48c37540 GCTaskThread "GC Thread#0" [stack: 0x000000cc77c00000,0x000000cc77d00000] [id=16668]
  0x000001ea48c43f10 ConcurrentGCThread "G1 Main Marker" [stack: 0x000000cc77d00000,0x000000cc77e00000] [id=12600]
  0x000001ea48c44930 ConcurrentGCThread "G1 Conc#0" [stack: 0x000000cc77e00000,0x000000cc77f00000] [id=20072]

[error occurred during error reporting (printing all threads), id 0xc0000005, EXCEPTION_ACCESS_VIOLATION (0xc0000005) at pc=0x00007ffea023f0f7]

VM state: not at safepoint (not fully initialized)

VM Mutex/Monitor currently owned by a thread:  ([mutex/lock_event])
[0x000001ea48be7b20] Heap_lock - owner thread: 0x000001ea48beae50

Heap address: 0x00000000a2c00000, size: 1492 MB, Compressed Oops mode: 32-bit

CDS archive(s) mapped at: [0x0000000000000000-0x0000000000000000-0x0000000000000000), size 0, SharedBaseAddress: 0x0000000800000000, ArchiveRelocationMode: 1.
Narrow klass base: 0x0000000000000000, Narrow klass shift: 0, Narrow klass range: 0x0

GC Precious Log:
<Empty>

Heap:
 garbage-first heap   total 0K, used 0K [0x00000000a2c00000, 0x0000000100000000)
  region size 1024K, 0 young (0K), 0 survivors (0K)

[error occurred during error reporting (printing heap information), id 0xc0000005, EXCEPTION_ACCESS_VIOLATION (0xc0000005) at pc=0x00007ffea06270c9]

GC Heap History (0 events):
No events

Dll operation events (1 events):
Event: 0.116 Loaded shared library C:\Users\Lenovo\AppData\Local\Programs\Eclipse Adoptium\jdk-17.0.11.9-hotspot\bin\java.dll

Deoptimization events (0 events):
No events

Classes unloaded (0 events):
No events

Classes redefined (0 events):
No events

Internal exceptions (0 events):
No events

VM Operations (0 events):
No events

Events (0 events):
No events


Dynamic libraries:
0x00007ff6ec0f0000 - 0x00007ff6ec0f8000 	C:\Users\Lenovo\AppData\Local\Programs\Eclipse Adoptium\jdk-17.0.11.9-hotspot\bin\javac.exe
0x00007fff572d0000 - 0x00007fff574e7000 	C:\Windows\SYSTEM32\ntdll.dll
0x00007fff56d40000 - 0x00007fff56e04000 	C:\Windows\System32\KERNEL32.DLL
0x00007fff54710000 - 0x00007fff54ae2000 	C:\Windows\System32\KERNELBASE.dll
0x00007fff4e0e0000 - 0x00007fff4e177000 	C:\Windows\SYSTEM32\apphelp.dll
0x00007fff54d90000 - 0x00007fff54ea1000 	C:\Windows\System32\ucrtbase.dll
0x00007fff40970000 - 0x00007fff40987000 	C:\Users\Lenovo\AppData\Local\Programs\Eclipse Adoptium\jdk-17.0.11.9-hotspot\bin\jli.dll
0x00007fff560c0000 - 0x00007fff56271000 	C:\Windows\System32\USER32.dll
0x00007fff546e0000 - 0x00007fff54706000 	C:\Windows\System32\win32u.dll
0x00007fff56500000 - 0x00007fff56529000 	C:\Windows\System32\GDI32.dll
0x00007fff54c60000 - 0x00007fff54d83000 	C:\Windows\System32\gdi32full.dll
0x00007fff54480000 - 0x00007fff5451a000 	C:\Windows\System32\msvcp_win.dll
0x00007fff47b70000 - 0x00007fff47e0b000 	C:\Windows\WinSxS\amd64_microsoft.windows.common-controls_6595b64144ccf1df_6.0.22621.5547_none_27104afb73855772\COMCTL32.dll
0x00007fff32980000 - 0x00007fff3299b000 	C:\Users\Lenovo\AppData\Local\Programs\Eclipse Adoptium\jdk-17.0.11.9-hotspot\bin\VCRUNTIME140.dll
0x00007fff56ec0000 - 0x00007fff56f67000 	C:\Windows\System32\msvcrt.dll
0x00007fff55f90000 - 0x00007fff55fc1000 	C:\Windows\System32\IMM32.DLL
0x00007fff47e70000 - 0x00007fff47e7c000 	C:\Users\Lenovo\AppData\Local\Programs\Eclipse Adoptium\jdk-17.0.11.9-hotspot\bin\vcruntime140_1.dll
0x00007fff111e0000 - 0x00007fff1126d000 	C:\Users\Lenovo\AppData\Local\Programs\Eclipse Adoptium\jdk-17.0.11.9-hotspot\bin\msvcp140.dll
0x00007ffe9ff50000 - 0x00007ffea0bb2000 	C:\Users\Lenovo\AppData\Local\Programs\Eclipse Adoptium\jdk-17.0.11.9-hotspot\bin\server\jvm.dll
0x00007fff55070000 - 0x00007fff55121000 	C:\Windows\System32\ADVAPI32.dll
0x00007fff56e10000 - 0x00007fff56eb8000 	C:\Windows\System32\sechost.dll
0x00007fff54f30000 - 0x00007fff54f58000 	C:\Windows\System32\bcrypt.dll
0x00007fff55df0000 - 0x00007fff55f04000 	C:\Windows\System32\RPCRT4.dll
0x00007fff540e0000 - 0x00007fff5412d000 	C:\Windows\SYSTEM32\POWRPROF.dll
0x00007fff4c5b0000 - 0x00007fff4c5b9000 	C:\Windows\SYSTEM32\WSOCK32.dll
0x00007fff56be0000 - 0x00007fff56c51000 	C:\Windows\System32\WS2_32.dll
0x00007fff4eb10000 - 0x00007fff4eb44000 	C:\Windows\SYSTEM32\WINMM.dll
0x00007fff4aa00000 - 0x00007fff4aa0a000 	C:\Windows\SYSTEM32\VERSION.dll
0x00007fff54010000 - 0x00007fff54023000 	C:\Windows\SYSTEM32\UMPDC.dll
0x00007fff533b0000 - 0x00007fff533c8000 	C:\Windows\SYSTEM32\kernel.appcore.dll
0x00007fff40960000 - 0x00007fff4096a000 	C:\Users\Lenovo\AppData\Local\Programs\Eclipse Adoptium\jdk-17.0.11.9-hotspot\bin\jimage.dll
0x00007fff4b930000 - 0x00007fff4bb63000 	C:\Windows\SYSTEM32\DBGHELP.DLL
0x00007fff55130000 - 0x00007fff554c3000 	C:\Windows\System32\combase.dll
0x00007fff56c60000 - 0x00007fff56d37000 	C:\Windows\System32\OLEAUT32.dll
0x00007fff33490000 - 0x00007fff334c2000 	C:\Windows\SYSTEM32\dbgcore.DLL
0x00007fff54eb0000 - 0x00007fff54f2b000 	C:\Windows\System32\bcryptPrimitives.dll
0x00007fff27830000 - 0x00007fff27855000 	C:\Users\Lenovo\AppData\Local\Programs\Eclipse Adoptium\jdk-17.0.11.9-hotspot\bin\java.dll

dbghelp: loaded successfully - version: 4.0.5 - missing functions: none
symbol engine: initialized successfully - sym options: 0x614 - pdb path: .;C:\Users\Lenovo\AppData\Local\Programs\Eclipse Adoptium\jdk-17.0.11.9-hotspot\bin;C:\Windows\SYSTEM32;C:\Windows\WinSxS\amd64_microsoft.windows.common-controls_6595b64144ccf1df_6.0.22621.5547_none_27104afb73855772;C:\Users\Lenovo\AppData\Local\Programs\Eclipse Adoptium\jdk-17.0.11.9-hotspot\bin\server

VM Arguments:
jvm_args: -Dapplication.home=C:\Users\Lenovo\AppData\Local\Programs\Eclipse Adoptium\jdk-17.0.11.9-hotspot --add-modules=ALL-DEFAULT -Xms8m -Djdk.module.main=jdk.compiler 
java_command: jdk.compiler/com.sun.tools.javac.Main BasicCalculator.java
java_class_path (initial): <not set>
Launcher Type: SUN_STANDARD

[Global flags]
     intx CICompilerCount                          = 4                                         {product} {ergonomic}
     uint ConcGCThreads                            = 2                                         {product} {ergonomic}
     uint G1ConcRefinementThreads                  = 8                                         {product} {ergonomic}
   size_t G1HeapRegionSize                         = 1048576                                   {product} {ergonomic}
    uintx GCDrainStackTargetSize                   = 64                                        {product} {ergonomic}
   size_t InitialHeapSize                          = 8388608                                   {product} {command line}
   size_t MarkStackSize                            = 4194304                                   {product} {ergonomic}
   size_t MaxHeapSize                              = 1564475392                                {product} {ergonomic}
   size_t MinHeapDeltaBytes                        = 1048576                                   {product} {ergonomic}
   size_t MinHeapSize                              = 8388608                                   {product} {command line}
    uintx NonNMethodCodeHeapSize                   = 5839372                                {pd product} {ergonomic}
    uintx NonProfiledCodeHeapSize                  = 122909434                              {pd product} {ergonomic}
    uintx ProfiledCodeHeapSize                     = 122909434                              {pd product} {ergonomic}
    uintx ReservedCodeCacheSize                    = 251658240                              {pd product} {ergonomic}
     bool SegmentedCodeCache                       = true                                      {product} {ergonomic}
   size_t SoftMaxHeapSize                          = 1564475392                             {manageable} {ergonomic}
     bool UseCompressedClassPointers               = true                           {product lp64_product} {ergonomic}
     bool UseCompressedOops                        = true                           {product lp64_product} {ergonomic}
     bool UseG1GC                                  = true                                      {product} {ergonomic}
     bool UseLargePagesIndividualAllocation        = false                                  {pd product} {ergonomic}

Logging:
Log output configuration:
 #0: stdout all=warning uptime,level,tags
 #1: stderr all=off uptime,level,tags

Environment Variables:
JAVA_HOME=C:\Users\Lenovo\AppData\Local\Programs\Eclipse Adoptium\jdk-17.0.11.9-hotspot\
PATH=C:\Program Files\Google\Chrome\Application;C:\Windows\system32;C:\Windows;C:\Windows\System32\Wbem;C:\Windows\System32\WindowsPowerShell\v1.0\;C:\Windows\System32\OpenSSH\;C:\MinGW\bin;C:\Program Files\Java\jdk-21\bin;C:\Program Files\dotnet\;C:\Program Files\Git\cmd;C:\Users\Lenovo\AppData\Local\Programs\Python\Launcher\;C:\Users\Lenovo\AppData\Local\Programs\Eclipse Adoptium\jdk-17.0.11.9-hotspot\bin;C:\Users\Lenovo\AppData\Local\Microsoft\WindowsApps;C:\Users\Lenovo\AppData\Local\Programs\Microsoft VS Code\bin
USERNAME=Lenovo
OS=Windows_NT
PROCESSOR_IDENTIFIER=AMD64 Family 23 Model 160 Stepping 0, AuthenticAMD
TMP=C:\Users\Lenovo\AppData\Local\Temp
TEMP=C:\Users\Lenovo\AppData\Local\Temp



Periodic native trim disabled


---------------  S Y S T E M  ---------------

OS:
 Windows 11 , 64 bit Build 22621 (10.0.22621.5415)
OS uptime: 3 days 22:50 hours
Hyper-V role detected

CPU: total 8 (initial active 8) (8 cores per cpu, 2 threads per core) family 23 model 160 stepping 0 microcode 0x0, cx8, cmov, fxsr, ht, mmx, 3dnowpref, sse, sse2, sse3, ssse3, sse4a, sse4.1, sse4.2, popcnt, lzcnt, tsc, tscinvbit, avx, avx2, aes, clmul, bmi1, bmi2, adx, sha, fma, vzeroupper, clflush, clflushopt, hv
Processor Information for all 8 processors :
  Max Mhz: 2801, Current Mhz: 2801, Mhz Limit: 2801

Memory: 4k page, system-wide physical 5965M (192M free)
TotalPageFile size 18644M (AvailPageFile size 40M)
current process WorkingSet (physical memory assigned to process): 12M, peak: 12M
current process commit charge ("private bytes"): 60M, peak: 68M

vm_info: OpenJDK 64-Bit Server VM (17.0.11+9) for windows-amd64 JRE (17.0.11+9), built on Apr 17 2024 06:07:48 by "admin" with MS VC++ 16.10 / 16.11 (VS2019)

END.
